Processing original.feature to temp/out.feature
Local directory is  system directory is 
